
> backend@1.0.0 dev
> nodemon src/server.js

[33m[nodemon] 3.1.14[39m
[33m[nodemon] to restart at any time, enter `rs`[39m
[33m[nodemon] watching path(s): *.*[39m
[33m[nodemon] watching extensions: js,mjs,cjs,json[39m
[32m[nodemon] starting `node src/server.js`[39m
◇ injected env (3) from .env // tip: ⌘ suppress logs { quiet: true }
◇ injected env (0) from .env // tip: ⌘ custom filepath { path: '/custom/path/.env' }
server is running on://localhost:3000
[32m[nodemon] restarting due to changes...[39m
[32m[nodemon] restarting due to changes...[39m
[32m[nodemon] starting `node src/server.js`[39m
◇ injected env (3) from .env // tip: ⌘ override existing { override: true }
◇ injected env (0) from .env // tip: ◈ encrypted .env [www.dotenvx.com]
server is running on://localhost:3000
[32m[nodemon] restarting due to changes...[39m
[32m[nodemon] starting `node src/server.js`[39m
◇ injected env (3) from .env // tip: ⌘ multiple files { path: ['.env.local', '.env'] }
[32m[nodemon] restarting due to changes...[39m
[32m[nodemon] starting `node src/server.js`[39m
[32m[nodemon] restarting due to changes...[39m
◇ injected env (3) from .env // tip: ⌘ custom filepath { path: '/custom/path/.env' }
[32m[nodemon] starting `node src/server.js`[39m
◇ injected env (3) from .env // tip: ◈ secrets for agents [www.dotenvx.com]
◇ injected env (0) from .env // tip: ⌘ custom filepath { path: '/custom/path/.env' }
server is running on://localhost:3000
LOGIN ERROR: Error: Invalid email or password
    at exports.loginResident (C:\Users\fisiha\waste-management-system\backend\src\modules\auth\auth.service.js:23:11)
    at process.processTicksAndRejections (node:internal/process/task_queues:103:5)
    at async exports.loginResident (C:\Users\fisiha\waste-management-system\backend\src\modules\auth\auth.controller.js:32:13)
